C:\Users\kagokhale\OneDrive - Deloitte (O365D)\Documents\Projects\New FAP\FAPApplication\backend\src\BajajDocumentProcessing.Infrastructure\BajajDocumentProcessing.Infrastructure.csproj : warning NU1902: Package 'SixLabors.ImageSharp' 3.1.7 has a known moderate severity vulnerability, https://github.com/advisories/GHSA-rxmq-m78w-7wmc
  BajajDocumentProcessing.Domain -> C:\Users\kagokhale\OneDrive - Deloitte (O365D)\Documents\Projects\New FAP\FAPApplication\backend\src\BajajDocumentProcessing.Domain\bin\Debug\net8.0\BajajDocumentProcessing.Domain.dll
  BajajDocumentProcessing.Application -> C:\Users\kagokhale\OneDrive - Deloitte (O365D)\Documents\Projects\New FAP\FAPApplication\backend\src\BajajDocumentProcessing.Application\bin\Debug\net8.0\BajajDocumentProcessing.Application.dll
  BajajDocumentProcessing.Infrastructure -> C:\Users\kagokhale\OneDrive - Deloitte (O365D)\Documents\Projects\New FAP\FAPApplication\backend\src\BajajDocumentProcessing.Infrastructure\bin\Debug\net8.0\BajajDocumentProcessing.Infrastructure.dll
C:\Program Files\dotnet\sdk\10.0.103\Microsoft.Common.CurrentVersion.targets(5080,5): warning MSB3026: Could not copy "C:\Users\kagokhale\OneDrive - Deloitte (O365D)\Documents\Projects\New FAP\FAPApplication\backend\src\BajajDocumentProcessing.Infrastructure\bin\Debug\net8.0\BajajDocumentProcessing.Infrastructure.dll" to "bin\Debug\net8.0\BajajDocumentProcessing.Infrastructure.dll". Beginning retry 1 in 1000ms. The process cannot access the file 'C:\Users\kagokhale\OneDrive - Deloitte (O365D)\Documents\Projects\New FAP\FAPApplication\backend\src\BajajDocumentProcessing.API\bin\Debug\net8.0\BajajDocumentProcessing.Infrastructure.dll' because it is being used by another process. The file is locked by: "BajajDocumentProcessing.API (24864)" [C:\Users\kagokhale\OneDrive - Deloitte (O365D)\Documents\Projects\New FAP\FAPApplication\backend\src\BajajDocumentProcessing.API\BajajDocumentProcessing.API.csproj]
C:\Program Files\dotnet\sdk\10.0.103\Microsoft.Common.CurrentVersion.targets(5080,5): warning MSB3026: Could not copy "C:\Users\kagokhale\OneDrive - Deloitte (O365D)\Documents\Projects\New FAP\FAPApplication\backend\src\BajajDocumentProcessing.Domain\bin\Debug\net8.0\BajajDocumentProcessing.Domain.dll" to "bin\Debug\net8.0\BajajDocumentProcessing.Domain.dll". Beginning retry 1 in 1000ms. The process cannot access the file 'C:\Users\kagokhale\OneDrive - Deloitte (O365D)\Documents\Projects\New FAP\FAPApplication\backend\src\BajajDocumentProcessing.API\bin\Debug\net8.0\BajajDocumentProcessing.Domain.dll' because it is being used by another process. The file is locked by: "BajajDocumentProcessing.API (24864)" [C:\Users\kagokhale\OneDrive - Deloitte (O365D)\Documents\Projects\New FAP\FAPApplication\backend\src\BajajDocumentProcessing.API\BajajDocumentProcessing.API.csproj]
C:\Program Files\dotnet\sdk\10.0.103\Microsoft.Common.CurrentVersion.targets(5080,5): warning MSB3026: Could not copy "C:\Users\kagokhale\OneDrive - Deloitte (O365D)\Documents\Projects\New FAP\FAPApplication\backend\src\BajajDocumentProcessing.Application\bin\Debug\net8.0\BajajDocumentProcessing.Application.dll" to "bin\Debug\net8.0\BajajDocumentProcessing.Application.dll". Beginning retry 1 in 1000ms. The process cannot access the file 'C:\Users\kagokhale\OneDrive - Deloitte (O365D)\Documents\Projects\New FAP\FAPApplication\backend\src\BajajDocumentProcessing.API\bin\Debug\net8.0\BajajDocumentProcessing.Application.dll' because it is being used by another process. The file is locked by: "BajajDocumentProcessing.API (24864)" [C:\Users\kagokhale\OneDrive - Deloitte (O365D)\Documents\Projects\New FAP\FAPApplication\backend\src\BajajDocumentProcessing.API\BajajDocumentProcessing.API.csproj]
C:\Program Files\dotnet\sdk\10.0.103\Microsoft.Common.CurrentVersion.targets(5080,5): warning MSB3026: Could not copy "C:\Users\kagokhale\OneDrive - Deloitte (O365D)\Documents\Projects\New FAP\FAPApplication\backend\src\BajajDocumentProcessing.Domain\bin\Debug\net8.0\BajajDocumentProcessing.Domain.dll" to "bin\Debug\net8.0\BajajDocumentProcessing.Domain.dll". Beginning retry 2 in 1000ms. The process cannot access the file 'C:\Users\kagokhale\OneDrive - Deloitte (O365D)\Documents\Projects\New FAP\FAPApplication\backend\src\BajajDocumentProcessing.API\bin\Debug\net8.0\BajajDocumentProcessing.Domain.dll' because it is being used by another process. The file is locked by: "BajajDocumentProcessing.API (24864)" [C:\Users\kagokhale\OneDrive - Deloitte (O365D)\Documents\Projects\New FAP\FAPApplication\backend\src\BajajDocumentProcessing.API\BajajDocumentProcessing.API.csproj]
C:\Program Files\dotnet\sdk\10.0.103\Microsoft.Common.CurrentVersion.targets(5080,5): warning MSB3026: Could not copy "C:\Users\kagokhale\OneDrive - Deloitte (O365D)\Documents\Projects\New FAP\FAPApplication\backend\src\BajajDocumentProcessing.Infrastructure\bin\Debug\net8.0\BajajDocumentProcessing.Infrastructure.dll" to "bin\Debug\net8.0\BajajDocumentProcessing.Infrastructure.dll". Beginning retry 2 in 1000ms. The process cannot access the file 'C:\Users\kagokhale\OneDrive - Deloitte (O365D)\Documents\Projects\New FAP\FAPApplication\backend\src\BajajDocumentProcessing.API\bin\Debug\net8.0\BajajDocumentProcessing.Infrastructure.dll' because it is being used by another process. The file is locked by: "BajajDocumentProcessing.API (24864)" [C:\Users\kagokhale\OneDrive - Deloitte (O365D)\Documents\Projects\New FAP\FAPApplication\backend\src\BajajDocumentProcessing.API\BajajDocumentProcessing.API.csproj]
C:\Program Files\dotnet\sdk\10.0.103\Microsoft.Common.CurrentVersion.targets(5080,5): warning MSB3026: Could not copy "C:\Users\kagokhale\OneDrive - Deloitte (O365D)\Documents\Projects\New FAP\FAPApplication\backend\src\BajajDocumentProcessing.Application\bin\Debug\net8.0\BajajDocumentProcessing.Application.dll" to "bin\Debug\net8.0\BajajDocumentProcessing.Application.dll". Beginning retry 2 in 1000ms. The process cannot access the file 'C:\Users\kagokhale\OneDrive - Deloitte (O365D)\Documents\Projects\New FAP\FAPApplication\backend\src\BajajDocumentProcessing.API\bin\Debug\net8.0\BajajDocumentProcessing.Application.dll' because it is being used by another process. The file is locked by: "BajajDocumentProcessing.API (24864)" [C:\Users\kagokhale\OneDrive - Deloitte (O365D)\Documents\Projects\New FAP\FAPApplication\backend\src\BajajDocumentProcessing.API\BajajDocumentProcessing.API.csproj]
C:\Program Files\dotnet\sdk\10.0.103\Microsoft.Common.CurrentVersion.targets(5080,5): warning MSB3026: Could not copy "C:\Users\kagokhale\OneDrive - Deloitte (O365D)\Documents\Projects\New FAP\FAPApplication\backend\src\BajajDocumentProcessing.Domain\bin\Debug\net8.0\BajajDocumentProcessing.Domain.dll" to "bin\Debug\net8.0\BajajDocumentProcessing.Domain.dll". Beginning retry 3 in 1000ms. The process cannot access the file 'C:\Users\kagokhale\OneDrive - Deloitte (O365D)\Documents\Projects\New FAP\FAPApplication\backend\src\BajajDocumentProcessing.API\bin\Debug\net8.0\BajajDocumentProcessing.Domain.dll' because it is being used by another process. The file is locked by: "BajajDocumentProcessing.API (24864)" [C:\Users\kagokhale\OneDrive - Deloitte (O365D)\Documents\Projects\New FAP\FAPApplication\backend\src\BajajDocumentProcessing.API\BajajDocumentProcessing.API.csproj]
C:\Program Files\dotnet\sdk\10.0.103\Microsoft.Common.CurrentVersion.targets(5080,5): warning MSB3026: Could not copy "C:\Users\kagokhale\OneDrive - Deloitte (O365D)\Documents\Projects\New FAP\FAPApplication\backend\src\BajajDocumentProcessing.Infrastructure\bin\Debug\net8.0\BajajDocumentProcessing.Infrastructure.dll" to "bin\Debug\net8.0\BajajDocumentProcessing.Infrastructure.dll". Beginning retry 3 in 1000ms. The process cannot access the file 'C:\Users\kagokhale\OneDrive - Deloitte (O365D)\Documents\Projects\New FAP\FAPApplication\backend\src\BajajDocumentProcessing.API\bin\Debug\net8.0\BajajDocumentProcessing.Infrastructure.dll' because it is being used by another process. The file is locked by: "BajajDocumentProcessing.API (24864)" [C:\Users\kagokhale\OneDrive - Deloitte (O365D)\Documents\Projects\New FAP\FAPApplication\backend\src\BajajDocumentProcessing.API\BajajDocumentProcessing.API.csproj]
C:\Program Files\dotnet\sdk\10.0.103\Microsoft.Common.CurrentVersion.targets(5080,5): warning MSB3026: Could not copy "C:\Users\kagokhale\OneDrive - Deloitte (O365D)\Documents\Projects\New FAP\FAPApplication\backend\src\BajajDocumentProcessing.Application\bin\Debug\net8.0\BajajDocumentProcessing.Application.dll" to "bin\Debug\net8.0\BajajDocumentProcessing.Application.dll". Beginning retry 3 in 1000ms. The process cannot access the file 'C:\Users\kagokhale\OneDrive - Deloitte (O365D)\Documents\Projects\New FAP\FAPApplication\backend\src\BajajDocumentProcessing.API\bin\Debug\net8.0\BajajDocumentProcessing.Application.dll' because it is being used by another process. The file is locked by: "BajajDocumentProcessing.API (24864)" [C:\Users\kagokhale\OneDrive - Deloitte (O365D)\Documents\Projects\New FAP\FAPApplication\backend\src\BajajDocumentProcessing.API\BajajDocumentProcessing.API.csproj]
C:\Program Files\dotnet\sdk\10.0.103\Microsoft.Common.CurrentVersion.targets(5080,5): warning MSB3026: Could not copy "C:\Users\kagokhale\OneDrive - Deloitte (O365D)\Documents\Projects\New FAP\FAPApplication\backend\src\BajajDocumentProcessing.Domain\bin\Debug\net8.0\BajajDocumentProcessing.Domain.dll" to "bin\Debug\net8.0\BajajDocumentProcessing.Domain.dll". Beginning retry 4 in 1000ms. The process cannot access the file 'C:\Users\kagokhale\OneDrive - Deloitte (O365D)\Documents\Projects\New FAP\FAPApplication\backend\src\BajajDocumentProcessing.API\bin\Debug\net8.0\BajajDocumentProcessing.Domain.dll' because it is being used by another process. The file is locked by: "BajajDocumentProcessing.API (24864)" [C:\Users\kagokhale\OneDrive - Deloitte (O365D)\Documents\Projects\New FAP\FAPApplication\backend\src\BajajDocumentProcessing.API\BajajDocumentProcessing.API.csproj]
C:\Program Files\dotnet\sdk\10.0.103\Microsoft.Common.CurrentVersion.targets(5080,5): warning MSB3026: Could not copy "C:\Users\kagokhale\OneDrive - Deloitte (O365D)\Documents\Projects\New FAP\FAPApplication\backend\src\BajajDocumentProcessing.Infrastructure\bin\Debug\net8.0\BajajDocumentProcessing.Infrastructure.dll" to "bin\Debug\net8.0\BajajDocumentProcessing.Infrastructure.dll". Beginning retry 4 in 1000ms. The process cannot access the file 'C:\Users\kagokhale\OneDrive - Deloitte (O365D)\Documents\Projects\New FAP\FAPApplication\backend\src\BajajDocumentProcessing.API\bin\Debug\net8.0\BajajDocumentProcessing.Infrastructure.dll' because it is being used by another process. The file is locked by: "BajajDocumentProcessing.API (24864)" [C:\Users\kagokhale\OneDrive - Deloitte (O365D)\Documents\Projects\New FAP\FAPApplication\backend\src\BajajDocumentProcessing.API\BajajDocumentProcessing.API.csproj]
C:\Program Files\dotnet\sdk\10.0.103\Microsoft.Common.CurrentVersion.targets(5080,5): warning MSB3026: Could not copy "C:\Users\kagokhale\OneDrive - Deloitte (O365D)\Documents\Projects\New FAP\FAPApplication\backend\src\BajajDocumentProcessing.Application\bin\Debug\net8.0\BajajDocumentProcessing.Application.dll" to "bin\Debug\net8.0\BajajDocumentProcessing.Application.dll". Beginning retry 4 in 1000ms. The process cannot access the file 'C:\Users\kagokhale\OneDrive - Deloitte (O365D)\Documents\Projects\New FAP\FAPApplication\backend\src\BajajDocumentProcessing.API\bin\Debug\net8.0\BajajDocumentProcessing.Application.dll' because it is being used by another process. The file is locked by: "BajajDocumentProcessing.API (24864)" [C:\Users\kagokhale\OneDrive - Deloitte (O365D)\Documents\Projects\New FAP\FAPApplication\backend\src\BajajDocumentProcessing.API\BajajDocumentProcessing.API.csproj]
C:\Program Files\dotnet\sdk\10.0.103\Microsoft.Common.CurrentVersion.targets(5080,5): warning MSB3026: Could not copy "C:\Users\kagokhale\OneDrive - Deloitte (O365D)\Documents\Projects\New FAP\FAPApplication\backend\src\BajajDocumentProcessing.Domain\bin\Debug\net8.0\BajajDocumentProcessing.Domain.dll" to "bin\Debug\net8.0\BajajDocumentProcessing.Domain.dll". Beginning retry 5 in 1000ms. The process cannot access the file 'C:\Users\kagokhale\OneDrive - Deloitte (O365D)\Documents\Projects\New FAP\FAPApplication\backend\src\BajajDocumentProcessing.API\bin\Debug\net8.0\BajajDocumentProcessing.Domain.dll' because it is being used by another process. The file is locked by: "BajajDocumentProcessing.API (24864)" [C:\Users\kagokhale\OneDrive - Deloitte (O365D)\Documents\Projects\New FAP\FAPApplication\backend\src\BajajDocumentProcessing.API\BajajDocumentProcessing.API.csproj]
C:\Program Files\dotnet\sdk\10.0.103\Microsoft.Common.CurrentVersion.targets(5080,5): warning MSB3026: Could not copy "C:\Users\kagokhale\OneDrive - Deloitte (O365D)\Documents\Projects\New FAP\FAPApplication\backend\src\BajajDocumentProcessing.Infrastructure\bin\Debug\net8.0\BajajDocumentProcessing.Infrastructure.dll" to "bin\Debug\net8.0\BajajDocumentProcessing.Infrastructure.dll". Beginning retry 5 in 1000ms. The process cannot access the file 'C:\Users\kagokhale\OneDrive - Deloitte (O365D)\Documents\Projects\New FAP\FAPApplication\backend\src\BajajDocumentProcessing.API\bin\Debug\net8.0\BajajDocumentProcessing.Infrastructure.dll' because it is being used by another process. The file is locked by: "BajajDocumentProcessing.API (24864)" [C:\Users\kagokhale\OneDrive - Deloitte (O365D)\Documents\Projects\New FAP\FAPApplication\backend\src\BajajDocumentProcessing.API\BajajDocumentProcessing.API.csproj]
C:\Program Files\dotnet\sdk\10.0.103\Microsoft.Common.CurrentVersion.targets(5080,5): warning MSB3026: Could not copy "C:\Users\kagokhale\OneDrive - Deloitte (O365D)\Documents\Projects\New FAP\FAPApplication\backend\src\BajajDocumentProcessing.Application\bin\Debug\net8.0\BajajDocumentProcessing.Application.dll" to "bin\Debug\net8.0\BajajDocumentProcessing.Application.dll". Beginning retry 5 in 1000ms. The process cannot access the file 'C:\Users\kagokhale\OneDrive - Deloitte (O365D)\Documents\Projects\New FAP\FAPApplication\backend\src\BajajDocumentProcessing.API\bin\Debug\net8.0\BajajDocumentProcessing.Application.dll' because it is being used by another process. The file is locked by: "BajajDocumentProcessing.API (24864)" [C:\Users\kagokhale\OneDrive - Deloitte (O365D)\Documents\Projects\New FAP\FAPApplication\backend\src\BajajDocumentProcessing.API\BajajDocumentProcessing.API.csproj]
C:\Program Files\dotnet\sdk\10.0.103\Microsoft.Common.CurrentVersion.targets(5080,5): warning MSB3026: Could not copy "C:\Users\kagokhale\OneDrive - Deloitte (O365D)\Documents\Projects\New FAP\FAPApplication\backend\src\BajajDocumentProcessing.Domain\bin\Debug\net8.0\BajajDocumentProcessing.Domain.dll" to "bin\Debug\net8.0\BajajDocumentProcessing.Domain.dll". Beginning retry 6 in 1000ms. The process cannot access the file 'C:\Users\kagokhale\OneDrive - Deloitte (O365D)\Documents\Projects\New FAP\FAPApplication\backend\src\BajajDocumentProcessing.API\bin\Debug\net8.0\BajajDocumentProcessing.Domain.dll' because it is being used by another process. The file is locked by: "BajajDocumentProcessing.API (24864)" [C:\Users\kagokhale\OneDrive - Deloitte (O365D)\Documents\Projects\New FAP\FAPApplication\backend\src\BajajDocumentProcessing.API\BajajDocumentProcessing.API.csproj]
C:\Program Files\dotnet\sdk\10.0.103\Microsoft.Common.CurrentVersion.targets(5080,5): warning MSB3026: Could not copy "C:\Users\kagokhale\OneDrive - Deloitte (O365D)\Documents\Projects\New FAP\FAPApplication\backend\src\BajajDocumentProcessing.Infrastructure\bin\Debug\net8.0\BajajDocumentProcessing.Infrastructure.dll" to "bin\Debug\net8.0\BajajDocumentProcessing.Infrastructure.dll". Beginning retry 6 in 1000ms. The process cannot access the file 'C:\Users\kagokhale\OneDrive - Deloitte (O365D)\Documents\Projects\New FAP\FAPApplication\backend\src\BajajDocumentProcessing.API\bin\Debug\net8.0\BajajDocumentProcessing.Infrastructure.dll' because it is being used by another process. The file is locked by: "BajajDocumentProcessing.API (24864)" [C:\Users\kagokhale\OneDrive - Deloitte (O365D)\Documents\Projects\New FAP\FAPApplication\backend\src\BajajDocumentProcessing.API\BajajDocumentProcessing.API.csproj]
C:\Program Files\dotnet\sdk\10.0.103\Microsoft.Common.CurrentVersion.targets(5080,5): warning MSB3026: Could not copy "C:\Users\kagokhale\OneDrive - Deloitte (O365D)\Documents\Projects\New FAP\FAPApplication\backend\src\BajajDocumentProcessing.Application\bin\Debug\net8.0\BajajDocumentProcessing.Application.dll" to "bin\Debug\net8.0\BajajDocumentProcessing.Application.dll". Beginning retry 6 in 1000ms. The process cannot access the file 'C:\Users\kagokhale\OneDrive - Deloitte (O365D)\Documents\Projects\New FAP\FAPApplication\backend\src\BajajDocumentProcessing.API\bin\Debug\net8.0\BajajDocumentProcessing.Application.dll' because it is being used by another process. The file is locked by: "BajajDocumentProcessing.API (24864)" [C:\Users\kagokhale\OneDrive - Deloitte (O365D)\Documents\Projects\New FAP\FAPApplication\backend\src\BajajDocumentProcessing.API\BajajDocumentProcessing.API.csproj]
C:\Program Files\dotnet\sdk\10.0.103\Microsoft.Common.CurrentVersion.targets(5080,5): warning MSB3026: Could not copy "C:\Users\kagokhale\OneDrive - Deloitte (O365D)\Documents\Projects\New FAP\FAPApplication\backend\src\BajajDocumentProcessing.Domain\bin\Debug\net8.0\BajajDocumentProcessing.Domain.dll" to "bin\Debug\net8.0\BajajDocumentProcessing.Domain.dll". Beginning retry 7 in 1000ms. The process cannot access the file 'C:\Users\kagokhale\OneDrive - Deloitte (O365D)\Documents\Projects\New FAP\FAPApplication\backend\src\BajajDocumentProcessing.API\bin\Debug\net8.0\BajajDocumentProcessing.Domain.dll' because it is being used by another process. The file is locked by: "BajajDocumentProcessing.API (24864)" [C:\Users\kagokhale\OneDrive - Deloitte (O365D)\Documents\Projects\New FAP\FAPApplication\backend\src\BajajDocumentProcessing.API\BajajDocumentProcessing.API.csproj]
C:\Program Files\dotnet\sdk\10.0.103\Microsoft.Common.CurrentVersion.targets(5080,5): warning MSB3026: Could not copy "C:\Users\kagokhale\OneDrive - Deloitte (O365D)\Documents\Projects\New FAP\FAPApplication\backend\src\BajajDocumentProcessing.Infrastructure\bin\Debug\net8.0\BajajDocumentProcessing.Infrastructure.dll" to "bin\Debug\net8.0\BajajDocumentProcessing.Infrastructure.dll". Beginning retry 7 in 1000ms. The process cannot access the file 'C:\Users\kagokhale\OneDrive - Deloitte (O365D)\Documents\Projects\New FAP\FAPApplication\backend\src\BajajDocumentProcessing.API\bin\Debug\net8.0\BajajDocumentProcessing.Infrastructure.dll' because it is being used by another process. The file is locked by: "BajajDocumentProcessing.API (24864)" [C:\Users\kagokhale\OneDrive - Deloitte (O365D)\Documents\Projects\New FAP\FAPApplication\backend\src\BajajDocumentProcessing.API\BajajDocumentProcessing.API.csproj]
C:\Program Files\dotnet\sdk\10.0.103\Microsoft.Common.CurrentVersion.targets(5080,5): warning MSB3026: Could not copy "C:\Users\kagokhale\OneDrive - Deloitte (O365D)\Documents\Projects\New FAP\FAPApplication\backend\src\BajajDocumentProcessing.Application\bin\Debug\net8.0\BajajDocumentProcessing.Application.dll" to "bin\Debug\net8.0\BajajDocumentProcessing.Application.dll". Beginning retry 7 in 1000ms. The process cannot access the file 'C:\Users\kagokhale\OneDrive - Deloitte (O365D)\Documents\Projects\New FAP\FAPApplication\backend\src\BajajDocumentProcessing.API\bin\Debug\net8.0\BajajDocumentProcessing.Application.dll' because it is being used by another process. The file is locked by: "BajajDocumentProcessing.API (24864)" [C:\Users\kagokhale\OneDrive - Deloitte (O365D)\Documents\Projects\New FAP\FAPApplication\backend\src\BajajDocumentProcessing.API\BajajDocumentProcessing.API.csproj]
C:\Program Files\dotnet\sdk\10.0.103\Microsoft.Common.CurrentVersion.targets(5080,5): warning MSB3026: Could not copy "C:\Users\kagokhale\OneDrive - Deloitte (O365D)\Documents\Projects\New FAP\FAPApplication\backend\src\BajajDocumentProcessing.Infrastructure\bin\Debug\net8.0\BajajDocumentProcessing.Infrastructure.dll" to "bin\Debug\net8.0\BajajDocumentProcessing.Infrastructure.dll". Beginning retry 8 in 1000ms. The process cannot access the file 'C:\Users\kagokhale\OneDrive - Deloitte (O365D)\Documents\Projects\New FAP\FAPApplication\backend\src\BajajDocumentProcessing.API\bin\Debug\net8.0\BajajDocumentProcessing.Infrastructure.dll' because it is being used by another process. The file is locked by: "BajajDocumentProcessing.API (24864)" [C:\Users\kagokhale\OneDrive - Deloitte (O365D)\Documents\Projects\New FAP\FAPApplication\backend\src\BajajDocumentProcessing.API\BajajDocumentProcessing.API.csproj]
C:\Program Files\dotnet\sdk\10.0.103\Microsoft.Common.CurrentVersion.targets(5080,5): warning MSB3026: Could not copy "C:\Users\kagokhale\OneDrive - Deloitte (O365D)\Documents\Projects\New FAP\FAPApplication\backend\src\BajajDocumentProcessing.Domain\bin\Debug\net8.0\BajajDocumentProcessing.Domain.dll" to "bin\Debug\net8.0\BajajDocumentProcessing.Domain.dll". Beginning retry 8 in 1000ms. The process cannot access the file 'C:\Users\kagokhale\OneDrive - Deloitte (O365D)\Documents\Projects\New FAP\FAPApplication\backend\src\BajajDocumentProcessing.API\bin\Debug\net8.0\BajajDocumentProcessing.Domain.dll' because it is being used by another process. The file is locked by: "BajajDocumentProcessing.API (24864)" [C:\Users\kagokhale\OneDrive - Deloitte (O365D)\Documents\Projects\New FAP\FAPApplication\backend\src\BajajDocumentProcessing.API\BajajDocumentProcessing.API.csproj]
C:\Program Files\dotnet\sdk\10.0.103\Microsoft.Common.CurrentVersion.targets(5080,5): warning MSB3026: Could not copy "C:\Users\kagokhale\OneDrive - Deloitte (O365D)\Documents\Projects\New FAP\FAPApplication\backend\src\BajajDocumentProcessing.Application\bin\Debug\net8.0\BajajDocumentProcessing.Application.dll" to "bin\Debug\net8.0\BajajDocumentProcessing.Application.dll". Beginning retry 8 in 1000ms. The process cannot access the file 'C:\Users\kagokhale\OneDrive - Deloitte (O365D)\Documents\Projects\New FAP\FAPApplication\backend\src\BajajDocumentProcessing.API\bin\Debug\net8.0\BajajDocumentProcessing.Application.dll' because it is being used by another process. The file is locked by: "BajajDocumentProcessing.API (24864)" [C:\Users\kagokhale\OneDrive - Deloitte (O365D)\Documents\Projects\New FAP\FAPApplication\backend\src\BajajDocumentProcessing.API\BajajDocumentProcessing.API.csproj]
C:\Program Files\dotnet\sdk\10.0.103\Microsoft.Common.CurrentVersion.targets(5080,5): warning MSB3026: Could not copy "C:\Users\kagokhale\OneDrive - Deloitte (O365D)\Documents\Projects\New FAP\FAPApplication\backend\src\BajajDocumentProcessing.Infrastructure\bin\Debug\net8.0\BajajDocumentProcessing.Infrastructure.dll" to "bin\Debug\net8.0\BajajDocumentProcessing.Infrastructure.dll". Beginning retry 9 in 1000ms. The process cannot access the file 'C:\Users\kagokhale\OneDrive - Deloitte (O365D)\Documents\Projects\New FAP\FAPApplication\backend\src\BajajDocumentProcessing.API\bin\Debug\net8.0\BajajDocumentProcessing.Infrastructure.dll' because it is being used by another process. The file is locked by: "BajajDocumentProcessing.API (24864)" [C:\Users\kagokhale\OneDrive - Deloitte (O365D)\Documents\Projects\New FAP\FAPApplication\backend\src\BajajDocumentProcessing.API\BajajDocumentProcessing.API.csproj]
C:\Program Files\dotnet\sdk\10.0.103\Microsoft.Common.CurrentVersion.targets(5080,5): warning MSB3026: Could not copy "C:\Users\kagokhale\OneDrive - Deloitte (O365D)\Documents\Projects\New FAP\FAPApplication\backend\src\BajajDocumentProcessing.Domain\bin\Debug\net8.0\BajajDocumentProcessing.Domain.dll" to "bin\Debug\net8.0\BajajDocumentProcessing.Domain.dll". Beginning retry 9 in 1000ms. The process cannot access the file 'C:\Users\kagokhale\OneDrive - Deloitte (O365D)\Documents\Projects\New FAP\FAPApplication\backend\src\BajajDocumentProcessing.API\bin\Debug\net8.0\BajajDocumentProcessing.Domain.dll' because it is being used by another process. The file is locked by: "BajajDocumentProcessing.API (24864)" [C:\Users\kagokhale\OneDrive - Deloitte (O365D)\Documents\Projects\New FAP\FAPApplication\backend\src\BajajDocumentProcessing.API\BajajDocumentProcessing.API.csproj]
C:\Program Files\dotnet\sdk\10.0.103\Microsoft.Common.CurrentVersion.targets(5080,5): warning MSB3026: Could not copy "C:\Users\kagokhale\OneDrive - Deloitte (O365D)\Documents\Projects\New FAP\FAPApplication\backend\src\BajajDocumentProcessing.Application\bin\Debug\net8.0\BajajDocumentProcessing.Application.dll" to "bin\Debug\net8.0\BajajDocumentProcessing.Application.dll". Beginning retry 9 in 1000ms. The process cannot access the file 'C:\Users\kagokhale\OneDrive - Deloitte (O365D)\Documents\Projects\New FAP\FAPApplication\backend\src\BajajDocumentProcessing.API\bin\Debug\net8.0\BajajDocumentProcessing.Application.dll' because it is being used by another process. The file is locked by: "BajajDocumentProcessing.API (24864)" [C:\Users\kagokhale\OneDrive - Deloitte (O365D)\Documents\Projects\New FAP\FAPApplication\backend\src\BajajDocumentProcessing.API\BajajDocumentProcessing.API.csproj]
C:\Program Files\dotnet\sdk\10.0.103\Microsoft.Common.CurrentVersion.targets(5080,5): warning MSB3026: Could not copy "C:\Users\kagokhale\OneDrive - Deloitte (O365D)\Documents\Projects\New FAP\FAPApplication\backend\src\BajajDocumentProcessing.Infrastructure\bin\Debug\net8.0\BajajDocumentProcessing.Infrastructure.dll" to "bin\Debug\net8.0\BajajDocumentProcessing.Infrastructure.dll". Beginning retry 10 in 1000ms. The process cannot access the file 'C:\Users\kagokhale\OneDrive - Deloitte (O365D)\Documents\Projects\New FAP\FAPApplication\backend\src\BajajDocumentProcessing.API\bin\Debug\net8.0\BajajDocumentProcessing.Infrastructure.dll' because it is being used by another process. The file is locked by: "BajajDocumentProcessing.API (24864)" [C:\Users\kagokhale\OneDrive - Deloitte (O365D)\Documents\Projects\New FAP\FAPApplication\backend\src\BajajDocumentProcessing.API\BajajDocumentProcessing.API.csproj]
C:\Program Files\dotnet\sdk\10.0.103\Microsoft.Common.CurrentVersion.targets(5080,5): warning MSB3026: Could not copy "C:\Users\kagokhale\OneDrive - Deloitte (O365D)\Documents\Projects\New FAP\FAPApplication\backend\src\BajajDocumentProcessing.Domain\bin\Debug\net8.0\BajajDocumentProcessing.Domain.dll" to "bin\Debug\net8.0\BajajDocumentProcessing.Domain.dll". Beginning retry 10 in 1000ms. The process cannot access the file 'C:\Users\kagokhale\OneDrive - Deloitte (O365D)\Documents\Projects\New FAP\FAPApplication\backend\src\BajajDocumentProcessing.API\bin\Debug\net8.0\BajajDocumentProcessing.Domain.dll' because it is being used by another process. The file is locked by: "BajajDocumentProcessing.API (24864)" [C:\Users\kagokhale\OneDrive - Deloitte (O365D)\Documents\Projects\New FAP\FAPApplication\backend\src\BajajDocumentProcessing.API\BajajDocumentProcessing.API.csproj]
C:\Program Files\dotnet\sdk\10.0.103\Microsoft.Common.CurrentVersion.targets(5080,5): warning MSB3026: Could not copy "C:\Users\kagokhale\OneDrive - Deloitte (O365D)\Documents\Projects\New FAP\FAPApplication\backend\src\BajajDocumentProcessing.Application\bin\Debug\net8.0\BajajDocumentProcessing.Application.dll" to "bin\Debug\net8.0\BajajDocumentProcessing.Application.dll". Beginning retry 10 in 1000ms. The process cannot access the file 'C:\Users\kagokhale\OneDrive - Deloitte (O365D)\Documents\Projects\New FAP\FAPApplication\backend\src\BajajDocumentProcessing.API\bin\Debug\net8.0\BajajDocumentProcessing.Application.dll' because it is being used by another process. The file is locked by: "BajajDocumentProcessing.API (24864)" [C:\Users\kagokhale\OneDrive - Deloitte (O365D)\Documents\Projects\New FAP\FAPApplication\backend\src\BajajDocumentProcessing.API\BajajDocumentProcessing.API.csproj]
C:\Program Files\dotnet\sdk\10.0.103\Microsoft.Common.CurrentVersion.targets(5080,5): error MSB3027: Could not copy "C:\Users\kagokhale\OneDrive - Deloitte (O365D)\Documents\Projects\New FAP\FAPApplication\backend\src\BajajDocumentProcessing.Domain\bin\Debug\net8.0\BajajDocumentProcessing.Domain.dll" to "bin\Debug\net8.0\BajajDocumentProcessing.Domain.dll". Exceeded retry count of 10. Failed. The file is locked by: "BajajDocumentProcessing.API (24864)" [C:\Users\kagokhale\OneDrive - Deloitte (O365D)\Documents\Projects\New FAP\FAPApplication\backend\src\BajajDocumentProcessing.API\BajajDocumentProcessing.API.csproj]
C:\Program Files\dotnet\sdk\10.0.103\Microsoft.Common.CurrentVersion.targets(5080,5): error MSB3021: Unable to copy file "C:\Users\kagokhale\OneDrive - Deloitte (O365D)\Documents\Projects\New FAP\FAPApplication\backend\src\BajajDocumentProcessing.Domain\bin\Debug\net8.0\BajajDocumentProcessing.Domain.dll" to "bin\Debug\net8.0\BajajDocumentProcessing.Domain.dll". The process cannot access the file 'C:\Users\kagokhale\OneDrive - Deloitte (O365D)\Documents\Projects\New FAP\FAPApplication\backend\src\BajajDocumentProcessing.API\bin\Debug\net8.0\BajajDocumentProcessing.Domain.dll' because it is being used by another process. [C:\Users\kagokhale\OneDrive - Deloitte (O365D)\Documents\Projects\New FAP\FAPApplication\backend\src\BajajDocumentProcessing.API\BajajDocumentProcessing.API.csproj]
C:\Program Files\dotnet\sdk\10.0.103\Microsoft.Common.CurrentVersion.targets(5080,5): error MSB3027: Could not copy "C:\Users\kagokhale\OneDrive - Deloitte (O365D)\Documents\Projects\New FAP\FAPApplication\backend\src\BajajDocumentProcessing.Infrastructure\bin\Debug\net8.0\BajajDocumentProcessing.Infrastructure.dll" to "bin\Debug\net8.0\BajajDocumentProcessing.Infrastructure.dll". Exceeded retry count of 10. Failed. The file is locked by: "BajajDocumentProcessing.API (24864)" [C:\Users\kagokhale\OneDrive - Deloitte (O365D)\Documents\Projects\New FAP\FAPApplication\backend\src\BajajDocumentProcessing.API\BajajDocumentProcessing.API.csproj]
C:\Program Files\dotnet\sdk\10.0.103\Microsoft.Common.CurrentVersion.targets(5080,5): error MSB3021: Unable to copy file "C:\Users\kagokhale\OneDrive - Deloitte (O365D)\Documents\Projects\New FAP\FAPApplication\backend\src\BajajDocumentProcessing.Infrastructure\bin\Debug\net8.0\BajajDocumentProcessing.Infrastructure.dll" to "bin\Debug\net8.0\BajajDocumentProcessing.Infrastructure.dll". The process cannot access the file 'C:\Users\kagokhale\OneDrive - Deloitte (O365D)\Documents\Projects\New FAP\FAPApplication\backend\src\BajajDocumentProcessing.API\bin\Debug\net8.0\BajajDocumentProcessing.Infrastructure.dll' because it is being used by another process. [C:\Users\kagokhale\OneDrive - Deloitte (O365D)\Documents\Projects\New FAP\FAPApplication\backend\src\BajajDocumentProcessing.API\BajajDocumentProcessing.API.csproj]
C:\Program Files\dotnet\sdk\10.0.103\Microsoft.Common.CurrentVersion.targets(5080,5): error MSB3027: Could not copy "C:\Users\kagokhale\OneDrive - Deloitte (O365D)\Documents\Projects\New FAP\FAPApplication\backend\src\BajajDocumentProcessing.Application\bin\Debug\net8.0\BajajDocumentProcessing.Application.dll" to "bin\Debug\net8.0\BajajDocumentProcessing.Application.dll". Exceeded retry count of 10. Failed. The file is locked by: "BajajDocumentProcessing.API (24864)" [C:\Users\kagokhale\OneDrive - Deloitte (O365D)\Documents\Projects\New FAP\FAPApplication\backend\src\BajajDocumentProcessing.API\BajajDocumentProcessing.API.csproj]
C:\Program Files\dotnet\sdk\10.0.103\Microsoft.Common.CurrentVersion.targets(5080,5): error MSB3021: Unable to copy file "C:\Users\kagokhale\OneDrive - Deloitte (O365D)\Documents\Projects\New FAP\FAPApplication\backend\src\BajajDocumentProcessing.Application\bin\Debug\net8.0\BajajDocumentProcessing.Application.dll" to "bin\Debug\net8.0\BajajDocumentProcessing.Application.dll". The process cannot access the file 'C:\Users\kagokhale\OneDrive - Deloitte (O365D)\Documents\Projects\New FAP\FAPApplication\backend\src\BajajDocumentProcessing.API\bin\Debug\net8.0\BajajDocumentProcessing.Application.dll' because it is being used by another process. [C:\Users\kagokhale\OneDrive - Deloitte (O365D)\Documents\Projects\New FAP\FAPApplication\backend\src\BajajDocumentProcessing.API\BajajDocumentProcessing.API.csproj]

Build FAILED.

C:\Users\kagokhale\OneDrive - Deloitte (O365D)\Documents\Projects\New FAP\FAPApplication\backend\src\BajajDocumentProcessing.Infrastructure\BajajDocumentProcessing.Infrastructure.csproj : warning NU1902: Package 'SixLabors.ImageSharp' 3.1.7 has a known moderate severity vulnerability, https://github.com/advisories/GHSA-rxmq-m78w-7wmc
C:\Program Files\dotnet\sdk\10.0.103\Microsoft.Common.CurrentVersion.targets(5080,5): warning MSB3026: Could not copy "C:\Users\kagokhale\OneDrive - Deloitte (O365D)\Documents\Projects\New FAP\FAPApplication\backend\src\BajajDocumentProcessing.Infrastructure\bin\Debug\net8.0\BajajDocumentProcessing.Infrastructure.dll" to "bin\Debug\net8.0\BajajDocumentProcessing.Infrastructure.dll". Beginning retry 1 in 1000ms. The process cannot access the file 'C:\Users\kagokhale\OneDrive - Deloitte (O365D)\Documents\Projects\New FAP\FAPApplication\backend\src\BajajDocumentProcessing.API\bin\Debug\net8.0\BajajDocumentProcessing.Infrastructure.dll' because it is being used by another process. The file is locked by: "BajajDocumentProcessing.API (24864)" [C:\Users\kagokhale\OneDrive - Deloitte (O365D)\Documents\Projects\New FAP\FAPApplication\backend\src\BajajDocumentProcessing.API\BajajDocumentProcessing.API.csproj]
C:\Program Files\dotnet\sdk\10.0.103\Microsoft.Common.CurrentVersion.targets(5080,5): warning MSB3026: Could not copy "C:\Users\kagokhale\OneDrive - Deloitte (O365D)\Documents\Projects\New FAP\FAPApplication\backend\src\BajajDocumentProcessing.Domain\bin\Debug\net8.0\BajajDocumentProcessing.Domain.dll" to "bin\Debug\net8.0\BajajDocumentProcessing.Domain.dll". Beginning retry 1 in 1000ms. The process cannot access the file 'C:\Users\kagokhale\OneDrive - Deloitte (O365D)\Documents\Projects\New FAP\FAPApplication\backend\src\BajajDocumentProcessing.API\bin\Debug\net8.0\BajajDocumentProcessing.Domain.dll' because it is being used by another process. The file is locked by: "BajajDocumentProcessing.API (24864)" [C:\Users\kagokhale\OneDrive - Deloitte (O365D)\Documents\Projects\New FAP\FAPApplication\backend\src\BajajDocumentProcessing.API\BajajDocumentProcessing.API.csproj]
C:\Program Files\dotnet\sdk\10.0.103\Microsoft.Common.CurrentVersion.targets(5080,5): warning MSB3026: Could not copy "C:\Users\kagokhale\OneDrive - Deloitte (O365D)\Documents\Projects\New FAP\FAPApplication\backend\src\BajajDocumentProcessing.Application\bin\Debug\net8.0\BajajDocumentProcessing.Application.dll" to "bin\Debug\net8.0\BajajDocumentProcessing.Application.dll". Beginning retry 1 in 1000ms. The process cannot access the file 'C:\Users\kagokhale\OneDrive - Deloitte (O365D)\Documents\Projects\New FAP\FAPApplication\backend\src\BajajDocumentProcessing.API\bin\Debug\net8.0\BajajDocumentProcessing.Application.dll' because it is being used by another process. The file is locked by: "BajajDocumentProcessing.API (24864)" [C:\Users\kagokhale\OneDrive - Deloitte (O365D)\Documents\Projects\New FAP\FAPApplication\backend\src\BajajDocumentProcessing.API\BajajDocumentProcessing.API.csproj]
C:\Program Files\dotnet\sdk\10.0.103\Microsoft.Common.CurrentVersion.targets(5080,5): warning MSB3026: Could not copy "C:\Users\kagokhale\OneDrive - Deloitte (O365D)\Documents\Projects\New FAP\FAPApplication\backend\src\BajajDocumentProcessing.Domain\bin\Debug\net8.0\BajajDocumentProcessing.Domain.dll" to "bin\Debug\net8.0\BajajDocumentProcessing.Domain.dll". Beginning retry 2 in 1000ms. The process cannot access the file 'C:\Users\kagokhale\OneDrive - Deloitte (O365D)\Documents\Projects\New FAP\FAPApplication\backend\src\BajajDocumentProcessing.API\bin\Debug\net8.0\BajajDocumentProcessing.Domain.dll' because it is being used by another process. The file is locked by: "BajajDocumentProcessing.API (24864)" [C:\Users\kagokhale\OneDrive - Deloitte (O365D)\Documents\Projects\New FAP\FAPApplication\backend\src\BajajDocumentProcessing.API\BajajDocumentProcessing.API.csproj]
C:\Program Files\dotnet\sdk\10.0.103\Microsoft.Common.CurrentVersion.targets(5080,5): warning MSB3026: Could not copy "C:\Users\kagokhale\OneDrive - Deloitte (O365D)\Documents\Projects\New FAP\FAPApplication\backend\src\BajajDocumentProcessing.Infrastructure\bin\Debug\net8.0\BajajDocumentProcessing.Infrastructure.dll" to "bin\Debug\net8.0\BajajDocumentProcessing.Infrastructure.dll". Beginning retry 2 in 1000ms. The process cannot access the file 'C:\Users\kagokhale\OneDrive - Deloitte (O365D)\Documents\Projects\New FAP\FAPApplication\backend\src\BajajDocumentProcessing.API\bin\Debug\net8.0\BajajDocumentProcessing.Infrastructure.dll' because it is being used by another process. The file is locked by: "BajajDocumentProcessing.API (24864)" [C:\Users\kagokhale\OneDrive - Deloitte (O365D)\Documents\Projects\New FAP\FAPApplication\backend\src\BajajDocumentProcessing.API\BajajDocumentProcessing.API.csproj]
C:\Program Files\dotnet\sdk\10.0.103\Microsoft.Common.CurrentVersion.targets(5080,5): warning MSB3026: Could not copy "C:\Users\kagokhale\OneDrive - Deloitte (O365D)\Documents\Projects\New FAP\FAPApplication\backend\src\BajajDocumentProcessing.Application\bin\Debug\net8.0\BajajDocumentProcessing.Application.dll" to "bin\Debug\net8.0\BajajDocumentProcessing.Application.dll". Beginning retry 2 in 1000ms. The process cannot access the file 'C:\Users\kagokhale\OneDrive - Deloitte (O365D)\Documents\Projects\New FAP\FAPApplication\backend\src\BajajDocumentProcessing.API\bin\Debug\net8.0\BajajDocumentProcessing.Application.dll' because it is being used by another process. The file is locked by: "BajajDocumentProcessing.API (24864)" [C:\Users\kagokhale\OneDrive - Deloitte (O365D)\Documents\Projects\New FAP\FAPApplication\backend\src\BajajDocumentProcessing.API\BajajDocumentProcessing.API.csproj]
C:\Program Files\dotnet\sdk\10.0.103\Microsoft.Common.CurrentVersion.targets(5080,5): warning MSB3026: Could not copy "C:\Users\kagokhale\OneDrive - Deloitte (O365D)\Documents\Projects\New FAP\FAPApplication\backend\src\BajajDocumentProcessing.Domain\bin\Debug\net8.0\BajajDocumentProcessing.Domain.dll" to "bin\Debug\net8.0\BajajDocumentProcessing.Domain.dll". Beginning retry 3 in 1000ms. The process cannot access the file 'C:\Users\kagokhale\OneDrive - Deloitte (O365D)\Documents\Projects\New FAP\FAPApplication\backend\src\BajajDocumentProcessing.API\bin\Debug\net8.0\BajajDocumentProcessing.Domain.dll' because it is being used by another process. The file is locked by: "BajajDocumentProcessing.API (24864)" [C:\Users\kagokhale\OneDrive - Deloitte (O365D)\Documents\Projects\New FAP\FAPApplication\backend\src\BajajDocumentProcessing.API\BajajDocumentProcessing.API.csproj]
C:\Program Files\dotnet\sdk\10.0.103\Microsoft.Common.CurrentVersion.targets(5080,5): warning MSB3026: Could not copy "C:\Users\kagokhale\OneDrive - Deloitte (O365D)\Documents\Projects\New FAP\FAPApplication\backend\src\BajajDocumentProcessing.Infrastructure\bin\Debug\net8.0\BajajDocumentProcessing.Infrastructure.dll" to "bin\Debug\net8.0\BajajDocumentProcessing.Infrastructure.dll". Beginning retry 3 in 1000ms. The process cannot access the file 'C:\Users\kagokhale\OneDrive - Deloitte (O365D)\Documents\Projects\New FAP\FAPApplication\backend\src\BajajDocumentProcessing.API\bin\Debug\net8.0\BajajDocumentProcessing.Infrastructure.dll' because it is being used by another process. The file is locked by: "BajajDocumentProcessing.API (24864)" [C:\Users\kagokhale\OneDrive - Deloitte (O365D)\Documents\Projects\New FAP\FAPApplication\backend\src\BajajDocumentProcessing.API\BajajDocumentProcessing.API.csproj]
C:\Program Files\dotnet\sdk\10.0.103\Microsoft.Common.CurrentVersion.targets(5080,5): warning MSB3026: Could not copy "C:\Users\kagokhale\OneDrive - Deloitte (O365D)\Documents\Projects\New FAP\FAPApplication\backend\src\BajajDocumentProcessing.Application\bin\Debug\net8.0\BajajDocumentProcessing.Application.dll" to "bin\Debug\net8.0\BajajDocumentProcessing.Application.dll". Beginning retry 3 in 1000ms. The process cannot access the file 'C:\Users\kagokhale\OneDrive - Deloitte (O365D)\Documents\Projects\New FAP\FAPApplication\backend\src\BajajDocumentProcessing.API\bin\Debug\net8.0\BajajDocumentProcessing.Application.dll' because it is being used by another process. The file is locked by: "BajajDocumentProcessing.API (24864)" [C:\Users\kagokhale\OneDrive - Deloitte (O365D)\Documents\Projects\New FAP\FAPApplication\backend\src\BajajDocumentProcessing.API\BajajDocumentProcessing.API.csproj]
C:\Program Files\dotnet\sdk\10.0.103\Microsoft.Common.CurrentVersion.targets(5080,5): warning MSB3026: Could not copy "C:\Users\kagokhale\OneDrive - Deloitte (O365D)\Documents\Projects\New FAP\FAPApplication\backend\src\BajajDocumentProcessing.Domain\bin\Debug\net8.0\BajajDocumentProcessing.Domain.dll" to "bin\Debug\net8.0\BajajDocumentProcessing.Domain.dll". Beginning retry 4 in 1000ms. The process cannot access the file 'C:\Users\kagokhale\OneDrive - Deloitte (O365D)\Documents\Projects\New FAP\FAPApplication\backend\src\BajajDocumentProcessing.API\bin\Debug\net8.0\BajajDocumentProcessing.Domain.dll' because it is being used by another process. The file is locked by: "BajajDocumentProcessing.API (24864)" [C:\Users\kagokhale\OneDrive - Deloitte (O365D)\Documents\Projects\New FAP\FAPApplication\backend\src\BajajDocumentProcessing.API\BajajDocumentProcessing.API.csproj]
C:\Program Files\dotnet\sdk\10.0.103\Microsoft.Common.CurrentVersion.targets(5080,5): warning MSB3026: Could not copy "C:\Users\kagokhale\OneDrive - Deloitte (O365D)\Documents\Projects\New FAP\FAPApplication\backend\src\BajajDocumentProcessing.Infrastructure\bin\Debug\net8.0\BajajDocumentProcessing.Infrastructure.dll" to "bin\Debug\net8.0\BajajDocumentProcessing.Infrastructure.dll". Beginning retry 4 in 1000ms. The process cannot access the file 'C:\Users\kagokhale\OneDrive - Deloitte (O365D)\Documents\Projects\New FAP\FAPApplication\backend\src\BajajDocumentProcessing.API\bin\Debug\net8.0\BajajDocumentProcessing.Infrastructure.dll' because it is being used by another process. The file is locked by: "BajajDocumentProcessing.API (24864)" [C:\Users\kagokhale\OneDrive - Deloitte (O365D)\Documents\Projects\New FAP\FAPApplication\backend\src\BajajDocumentProcessing.API\BajajDocumentProcessing.API.csproj]
C:\Program Files\dotnet\sdk\10.0.103\Microsoft.Common.CurrentVersion.targets(5080,5): warning MSB3026: Could not copy "C:\Users\kagokhale\OneDrive - Deloitte (O365D)\Documents\Projects\New FAP\FAPApplication\backend\src\BajajDocumentProcessing.Application\bin\Debug\net8.0\BajajDocumentProcessing.Application.dll" to "bin\Debug\net8.0\BajajDocumentProcessing.Application.dll". Beginning retry 4 in 1000ms. The process cannot access the file 'C:\Users\kagokhale\OneDrive - Deloitte (O365D)\Documents\Projects\New FAP\FAPApplication\backend\src\BajajDocumentProcessing.API\bin\Debug\net8.0\BajajDocumentProcessing.Application.dll' because it is being used by another process. The file is locked by: "BajajDocumentProcessing.API (24864)" [C:\Users\kagokhale\OneDrive - Deloitte (O365D)\Documents\Projects\New FAP\FAPApplication\backend\src\BajajDocumentProcessing.API\BajajDocumentProcessing.API.csproj]
C:\Program Files\dotnet\sdk\10.0.103\Microsoft.Common.CurrentVersion.targets(5080,5): warning MSB3026: Could not copy "C:\Users\kagokhale\OneDrive - Deloitte (O365D)\Documents\Projects\New FAP\FAPApplication\backend\src\BajajDocumentProcessing.Domain\bin\Debug\net8.0\BajajDocumentProcessing.Domain.dll" to "bin\Debug\net8.0\BajajDocumentProcessing.Domain.dll". Beginning retry 5 in 1000ms. The process cannot access the file 'C:\Users\kagokhale\OneDrive - Deloitte (O365D)\Documents\Projects\New FAP\FAPApplication\backend\src\BajajDocumentProcessing.API\bin\Debug\net8.0\BajajDocumentProcessing.Domain.dll' because it is being used by another process. The file is locked by: "BajajDocumentProcessing.API (24864)" [C:\Users\kagokhale\OneDrive - Deloitte (O365D)\Documents\Projects\New FAP\FAPApplication\backend\src\BajajDocumentProcessing.API\BajajDocumentProcessing.API.csproj]
C:\Program Files\dotnet\sdk\10.0.103\Microsoft.Common.CurrentVersion.targets(5080,5): warning MSB3026: Could not copy "C:\Users\kagokhale\OneDrive - Deloitte (O365D)\Documents\Projects\New FAP\FAPApplication\backend\src\BajajDocumentProcessing.Infrastructure\bin\Debug\net8.0\BajajDocumentProcessing.Infrastructure.dll" to "bin\Debug\net8.0\BajajDocumentProcessing.Infrastructure.dll". Beginning retry 5 in 1000ms. The process cannot access the file 'C:\Users\kagokhale\OneDrive - Deloitte (O365D)\Documents\Projects\New FAP\FAPApplication\backend\src\BajajDocumentProcessing.API\bin\Debug\net8.0\BajajDocumentProcessing.Infrastructure.dll' because it is being used by another process. The file is locked by: "BajajDocumentProcessing.API (24864)" [C:\Users\kagokhale\OneDrive - Deloitte (O365D)\Documents\Projects\New FAP\FAPApplication\backend\src\BajajDocumentProcessing.API\BajajDocumentProcessing.API.csproj]
C:\Program Files\dotnet\sdk\10.0.103\Microsoft.Common.CurrentVersion.targets(5080,5): warning MSB3026: Could not copy "C:\Users\kagokhale\OneDrive - Deloitte (O365D)\Documents\Projects\New FAP\FAPApplication\backend\src\BajajDocumentProcessing.Application\bin\Debug\net8.0\BajajDocumentProcessing.Application.dll" to "bin\Debug\net8.0\BajajDocumentProcessing.Application.dll". Beginning retry 5 in 1000ms. The process cannot access the file 'C:\Users\kagokhale\OneDrive - Deloitte (O365D)\Documents\Projects\New FAP\FAPApplication\backend\src\BajajDocumentProcessing.API\bin\Debug\net8.0\BajajDocumentProcessing.Application.dll' because it is being used by another process. The file is locked by: "BajajDocumentProcessing.API (24864)" [C:\Users\kagokhale\OneDrive - Deloitte (O365D)\Documents\Projects\New FAP\FAPApplication\backend\src\BajajDocumentProcessing.API\BajajDocumentProcessing.API.csproj]
C:\Program Files\dotnet\sdk\10.0.103\Microsoft.Common.CurrentVersion.targets(5080,5): warning MSB3026: Could not copy "C:\Users\kagokhale\OneDrive - Deloitte (O365D)\Documents\Projects\New FAP\FAPApplication\backend\src\BajajDocumentProcessing.Domain\bin\Debug\net8.0\BajajDocumentProcessing.Domain.dll" to "bin\Debug\net8.0\BajajDocumentProcessing.Domain.dll". Beginning retry 6 in 1000ms. The process cannot access the file 'C:\Users\kagokhale\OneDrive - Deloitte (O365D)\Documents\Projects\New FAP\FAPApplication\backend\src\BajajDocumentProcessing.API\bin\Debug\net8.0\BajajDocumentProcessing.Domain.dll' because it is being used by another process. The file is locked by: "BajajDocumentProcessing.API (24864)" [C:\Users\kagokhale\OneDrive - Deloitte (O365D)\Documents\Projects\New FAP\FAPApplication\backend\src\BajajDocumentProcessing.API\BajajDocumentProcessing.API.csproj]
C:\Program Files\dotnet\sdk\10.0.103\Microsoft.Common.CurrentVersion.targets(5080,5): warning MSB3026: Could not copy "C:\Users\kagokhale\OneDrive - Deloitte (O365D)\Documents\Projects\New FAP\FAPApplication\backend\src\BajajDocumentProcessing.Infrastructure\bin\Debug\net8.0\BajajDocumentProcessing.Infrastructure.dll" to "bin\Debug\net8.0\BajajDocumentProcessing.Infrastructure.dll". Beginning retry 6 in 1000ms. The process cannot access the file 'C:\Users\kagokhale\OneDrive - Deloitte (O365D)\Documents\Projects\New FAP\FAPApplication\backend\src\BajajDocumentProcessing.API\bin\Debug\net8.0\BajajDocumentProcessing.Infrastructure.dll' because it is being used by another process. The file is locked by: "BajajDocumentProcessing.API (24864)" [C:\Users\kagokhale\OneDrive - Deloitte (O365D)\Documents\Projects\New FAP\FAPApplication\backend\src\BajajDocumentProcessing.API\BajajDocumentProcessing.API.csproj]
C:\Program Files\dotnet\sdk\10.0.103\Microsoft.Common.CurrentVersion.targets(5080,5): warning MSB3026: Could not copy "C:\Users\kagokhale\OneDrive - Deloitte (O365D)\Documents\Projects\New FAP\FAPApplication\backend\src\BajajDocumentProcessing.Application\bin\Debug\net8.0\BajajDocumentProcessing.Application.dll" to "bin\Debug\net8.0\BajajDocumentProcessing.Application.dll". Beginning retry 6 in 1000ms. The process cannot access the file 'C:\Users\kagokhale\OneDrive - Deloitte (O365D)\Documents\Projects\New FAP\FAPApplication\backend\src\BajajDocumentProcessing.API\bin\Debug\net8.0\BajajDocumentProcessing.Application.dll' because it is being used by another process. The file is locked by: "BajajDocumentProcessing.API (24864)" [C:\Users\kagokhale\OneDrive - Deloitte (O365D)\Documents\Projects\New FAP\FAPApplication\backend\src\BajajDocumentProcessing.API\BajajDocumentProcessing.API.csproj]
C:\Program Files\dotnet\sdk\10.0.103\Microsoft.Common.CurrentVersion.targets(5080,5): warning MSB3026: Could not copy "C:\Users\kagokhale\OneDrive - Deloitte (O365D)\Documents\Projects\New FAP\FAPApplication\backend\src\BajajDocumentProcessing.Domain\bin\Debug\net8.0\BajajDocumentProcessing.Domain.dll" to "bin\Debug\net8.0\BajajDocumentProcessing.Domain.dll". Beginning retry 7 in 1000ms. The process cannot access the file 'C:\Users\kagokhale\OneDrive - Deloitte (O365D)\Documents\Projects\New FAP\FAPApplication\backend\src\BajajDocumentProcessing.API\bin\Debug\net8.0\BajajDocumentProcessing.Domain.dll' because it is being used by another process. The file is locked by: "BajajDocumentProcessing.API (24864)" [C:\Users\kagokhale\OneDrive - Deloitte (O365D)\Documents\Projects\New FAP\FAPApplication\backend\src\BajajDocumentProcessing.API\BajajDocumentProcessing.API.csproj]
C:\Program Files\dotnet\sdk\10.0.103\Microsoft.Common.CurrentVersion.targets(5080,5): warning MSB3026: Could not copy "C:\Users\kagokhale\OneDrive - Deloitte (O365D)\Documents\Projects\New FAP\FAPApplication\backend\src\BajajDocumentProcessing.Infrastructure\bin\Debug\net8.0\BajajDocumentProcessing.Infrastructure.dll" to "bin\Debug\net8.0\BajajDocumentProcessing.Infrastructure.dll". Beginning retry 7 in 1000ms. The process cannot access the file 'C:\Users\kagokhale\OneDrive - Deloitte (O365D)\Documents\Projects\New FAP\FAPApplication\backend\src\BajajDocumentProcessing.API\bin\Debug\net8.0\BajajDocumentProcessing.Infrastructure.dll' because it is being used by another process. The file is locked by: "BajajDocumentProcessing.API (24864)" [C:\Users\kagokhale\OneDrive - Deloitte (O365D)\Documents\Projects\New FAP\FAPApplication\backend\src\BajajDocumentProcessing.API\BajajDocumentProcessing.API.csproj]
C:\Program Files\dotnet\sdk\10.0.103\Microsoft.Common.CurrentVersion.targets(5080,5): warning MSB3026: Could not copy "C:\Users\kagokhale\OneDrive - Deloitte (O365D)\Documents\Projects\New FAP\FAPApplication\backend\src\BajajDocumentProcessing.Application\bin\Debug\net8.0\BajajDocumentProcessing.Application.dll" to "bin\Debug\net8.0\BajajDocumentProcessing.Application.dll". Beginning retry 7 in 1000ms. The process cannot access the file 'C:\Users\kagokhale\OneDrive - Deloitte (O365D)\Documents\Projects\New FAP\FAPApplication\backend\src\BajajDocumentProcessing.API\bin\Debug\net8.0\BajajDocumentProcessing.Application.dll' because it is being used by another process. The file is locked by: "BajajDocumentProcessing.API (24864)" [C:\Users\kagokhale\OneDrive - Deloitte (O365D)\Documents\Projects\New FAP\FAPApplication\backend\src\BajajDocumentProcessing.API\BajajDocumentProcessing.API.csproj]
C:\Program Files\dotnet\sdk\10.0.103\Microsoft.Common.CurrentVersion.targets(5080,5): warning MSB3026: Could not copy "C:\Users\kagokhale\OneDrive - Deloitte (O365D)\Documents\Projects\New FAP\FAPApplication\backend\src\BajajDocumentProcessing.Infrastructure\bin\Debug\net8.0\BajajDocumentProcessing.Infrastructure.dll" to "bin\Debug\net8.0\BajajDocumentProcessing.Infrastructure.dll". Beginning retry 8 in 1000ms. The process cannot access the file 'C:\Users\kagokhale\OneDrive - Deloitte (O365D)\Documents\Projects\New FAP\FAPApplication\backend\src\BajajDocumentProcessing.API\bin\Debug\net8.0\BajajDocumentProcessing.Infrastructure.dll' because it is being used by another process. The file is locked by: "BajajDocumentProcessing.API (24864)" [C:\Users\kagokhale\OneDrive - Deloitte (O365D)\Documents\Projects\New FAP\FAPApplication\backend\src\BajajDocumentProcessing.API\BajajDocumentProcessing.API.csproj]
C:\Program Files\dotnet\sdk\10.0.103\Microsoft.Common.CurrentVersion.targets(5080,5): warning MSB3026: Could not copy "C:\Users\kagokhale\OneDrive - Deloitte (O365D)\Documents\Projects\New FAP\FAPApplication\backend\src\BajajDocumentProcessing.Domain\bin\Debug\net8.0\BajajDocumentProcessing.Domain.dll" to "bin\Debug\net8.0\BajajDocumentProcessing.Domain.dll". Beginning retry 8 in 1000ms. The process cannot access the file 'C:\Users\kagokhale\OneDrive - Deloitte (O365D)\Documents\Projects\New FAP\FAPApplication\backend\src\BajajDocumentProcessing.API\bin\Debug\net8.0\BajajDocumentProcessing.Domain.dll' because it is being used by another process. The file is locked by: "BajajDocumentProcessing.API (24864)" [C:\Users\kagokhale\OneDrive - Deloitte (O365D)\Documents\Projects\New FAP\FAPApplication\backend\src\BajajDocumentProcessing.API\BajajDocumentProcessing.API.csproj]
C:\Program Files\dotnet\sdk\10.0.103\Microsoft.Common.CurrentVersion.targets(5080,5): warning MSB3026: Could not copy "C:\Users\kagokhale\OneDrive - Deloitte (O365D)\Documents\Projects\New FAP\FAPApplication\backend\src\BajajDocumentProcessing.Application\bin\Debug\net8.0\BajajDocumentProcessing.Application.dll" to "bin\Debug\net8.0\BajajDocumentProcessing.Application.dll". Beginning retry 8 in 1000ms. The process cannot access the file 'C:\Users\kagokhale\OneDrive - Deloitte (O365D)\Documents\Projects\New FAP\FAPApplication\backend\src\BajajDocumentProcessing.API\bin\Debug\net8.0\BajajDocumentProcessing.Application.dll' because it is being used by another process. The file is locked by: "BajajDocumentProcessing.API (24864)" [C:\Users\kagokhale\OneDrive - Deloitte (O365D)\Documents\Projects\New FAP\FAPApplication\backend\src\BajajDocumentProcessing.API\BajajDocumentProcessing.API.csproj]
C:\Program Files\dotnet\sdk\10.0.103\Microsoft.Common.CurrentVersion.targets(5080,5): warning MSB3026: Could not copy "C:\Users\kagokhale\OneDrive - Deloitte (O365D)\Documents\Projects\New FAP\FAPApplication\backend\src\BajajDocumentProcessing.Infrastructure\bin\Debug\net8.0\BajajDocumentProcessing.Infrastructure.dll" to "bin\Debug\net8.0\BajajDocumentProcessing.Infrastructure.dll". Beginning retry 9 in 1000ms. The process cannot access the file 'C:\Users\kagokhale\OneDrive - Deloitte (O365D)\Documents\Projects\New FAP\FAPApplication\backend\src\BajajDocumentProcessing.API\bin\Debug\net8.0\BajajDocumentProcessing.Infrastructure.dll' because it is being used by another process. The file is locked by: "BajajDocumentProcessing.API (24864)" [C:\Users\kagokhale\OneDrive - Deloitte (O365D)\Documents\Projects\New FAP\FAPApplication\backend\src\BajajDocumentProcessing.API\BajajDocumentProcessing.API.csproj]
C:\Program Files\dotnet\sdk\10.0.103\Microsoft.Common.CurrentVersion.targets(5080,5): warning MSB3026: Could not copy "C:\Users\kagokhale\OneDrive - Deloitte (O365D)\Documents\Projects\New FAP\FAPApplication\backend\src\BajajDocumentProcessing.Domain\bin\Debug\net8.0\BajajDocumentProcessing.Domain.dll" to "bin\Debug\net8.0\BajajDocumentProcessing.Domain.dll". Beginning retry 9 in 1000ms. The process cannot access the file 'C:\Users\kagokhale\OneDrive - Deloitte (O365D)\Documents\Projects\New FAP\FAPApplication\backend\src\BajajDocumentProcessing.API\bin\Debug\net8.0\BajajDocumentProcessing.Domain.dll' because it is being used by another process. The file is locked by: "BajajDocumentProcessing.API (24864)" [C:\Users\kagokhale\OneDrive - Deloitte (O365D)\Documents\Projects\New FAP\FAPApplication\backend\src\BajajDocumentProcessing.API\BajajDocumentProcessing.API.csproj]
C:\Program Files\dotnet\sdk\10.0.103\Microsoft.Common.CurrentVersion.targets(5080,5): warning MSB3026: Could not copy "C:\Users\kagokhale\OneDrive - Deloitte (O365D)\Documents\Projects\New FAP\FAPApplication\backend\src\BajajDocumentProcessing.Application\bin\Debug\net8.0\BajajDocumentProcessing.Application.dll" to "bin\Debug\net8.0\BajajDocumentProcessing.Application.dll". Beginning retry 9 in 1000ms. The process cannot access the file 'C:\Users\kagokhale\OneDrive - Deloitte (O365D)\Documents\Projects\New FAP\FAPApplication\backend\src\BajajDocumentProcessing.API\bin\Debug\net8.0\BajajDocumentProcessing.Application.dll' because it is being used by another process. The file is locked by: "BajajDocumentProcessing.API (24864)" [C:\Users\kagokhale\OneDrive - Deloitte (O365D)\Documents\Projects\New FAP\FAPApplication\backend\src\BajajDocumentProcessing.API\BajajDocumentProcessing.API.csproj]
C:\Program Files\dotnet\sdk\10.0.103\Microsoft.Common.CurrentVersion.targets(5080,5): warning MSB3026: Could not copy "C:\Users\kagokhale\OneDrive - Deloitte (O365D)\Documents\Projects\New FAP\FAPApplication\backend\src\BajajDocumentProcessing.Infrastructure\bin\Debug\net8.0\BajajDocumentProcessing.Infrastructure.dll" to "bin\Debug\net8.0\BajajDocumentProcessing.Infrastructure.dll". Beginning retry 10 in 1000ms. The process cannot access the file 'C:\Users\kagokhale\OneDrive - Deloitte (O365D)\Documents\Projects\New FAP\FAPApplication\backend\src\BajajDocumentProcessing.API\bin\Debug\net8.0\BajajDocumentProcessing.Infrastructure.dll' because it is being used by another process. The file is locked by: "BajajDocumentProcessing.API (24864)" [C:\Users\kagokhale\OneDrive - Deloitte (O365D)\Documents\Projects\New FAP\FAPApplication\backend\src\BajajDocumentProcessing.API\BajajDocumentProcessing.API.csproj]
C:\Program Files\dotnet\sdk\10.0.103\Microsoft.Common.CurrentVersion.targets(5080,5): warning MSB3026: Could not copy "C:\Users\kagokhale\OneDrive - Deloitte (O365D)\Documents\Projects\New FAP\FAPApplication\backend\src\BajajDocumentProcessing.Domain\bin\Debug\net8.0\BajajDocumentProcessing.Domain.dll" to "bin\Debug\net8.0\BajajDocumentProcessing.Domain.dll". Beginning retry 10 in 1000ms. The process cannot access the file 'C:\Users\kagokhale\OneDrive - Deloitte (O365D)\Documents\Projects\New FAP\FAPApplication\backend\src\BajajDocumentProcessing.API\bin\Debug\net8.0\BajajDocumentProcessing.Domain.dll' because it is being used by another process. The file is locked by: "BajajDocumentProcessing.API (24864)" [C:\Users\kagokhale\OneDrive - Deloitte (O365D)\Documents\Projects\New FAP\FAPApplication\backend\src\BajajDocumentProcessing.API\BajajDocumentProcessing.API.csproj]
C:\Program Files\dotnet\sdk\10.0.103\Microsoft.Common.CurrentVersion.targets(5080,5): warning MSB3026: Could not copy "C:\Users\kagokhale\OneDrive - Deloitte (O365D)\Documents\Projects\New FAP\FAPApplication\backend\src\BajajDocumentProcessing.Application\bin\Debug\net8.0\BajajDocumentProcessing.Application.dll" to "bin\Debug\net8.0\BajajDocumentProcessing.Application.dll". Beginning retry 10 in 1000ms. The process cannot access the file 'C:\Users\kagokhale\OneDrive - Deloitte (O365D)\Documents\Projects\New FAP\FAPApplication\backend\src\BajajDocumentProcessing.API\bin\Debug\net8.0\BajajDocumentProcessing.Application.dll' because it is being used by another process. The file is locked by: "BajajDocumentProcessing.API (24864)" [C:\Users\kagokhale\OneDrive - Deloitte (O365D)\Documents\Projects\New FAP\FAPApplication\backend\src\BajajDocumentProcessing.API\BajajDocumentProcessing.API.csproj]
C:\Program Files\dotnet\sdk\10.0.103\Microsoft.Common.CurrentVersion.targets(5080,5): error MSB3027: Could not copy "C:\Users\kagokhale\OneDrive - Deloitte (O365D)\Documents\Projects\New FAP\FAPApplication\backend\src\BajajDocumentProcessing.Domain\bin\Debug\net8.0\BajajDocumentProcessing.Domain.dll" to "bin\Debug\net8.0\BajajDocumentProcessing.Domain.dll". Exceeded retry count of 10. Failed. The file is locked by: "BajajDocumentProcessing.API (24864)" [C:\Users\kagokhale\OneDrive - Deloitte (O365D)\Documents\Projects\New FAP\FAPApplication\backend\src\BajajDocumentProcessing.API\BajajDocumentProcessing.API.csproj]
C:\Program Files\dotnet\sdk\10.0.103\Microsoft.Common.CurrentVersion.targets(5080,5): error MSB3021: Unable to copy file "C:\Users\kagokhale\OneDrive - Deloitte (O365D)\Documents\Projects\New FAP\FAPApplication\backend\src\BajajDocumentProcessing.Domain\bin\Debug\net8.0\BajajDocumentProcessing.Domain.dll" to "bin\Debug\net8.0\BajajDocumentProcessing.Domain.dll". The process cannot access the file 'C:\Users\kagokhale\OneDrive - Deloitte (O365D)\Documents\Projects\New FAP\FAPApplication\backend\src\BajajDocumentProcessing.API\bin\Debug\net8.0\BajajDocumentProcessing.Domain.dll' because it is being used by another process. [C:\Users\kagokhale\OneDrive - Deloitte (O365D)\Documents\Projects\New FAP\FAPApplication\backend\src\BajajDocumentProcessing.API\BajajDocumentProcessing.API.csproj]
C:\Program Files\dotnet\sdk\10.0.103\Microsoft.Common.CurrentVersion.targets(5080,5): error MSB3027: Could not copy "C:\Users\kagokhale\OneDrive - Deloitte (O365D)\Documents\Projects\New FAP\FAPApplication\backend\src\BajajDocumentProcessing.Infrastructure\bin\Debug\net8.0\BajajDocumentProcessing.Infrastructure.dll" to "bin\Debug\net8.0\BajajDocumentProcessing.Infrastructure.dll". Exceeded retry count of 10. Failed. The file is locked by: "BajajDocumentProcessing.API (24864)" [C:\Users\kagokhale\OneDrive - Deloitte (O365D)\Documents\Projects\New FAP\FAPApplication\backend\src\BajajDocumentProcessing.API\BajajDocumentProcessing.API.csproj]
C:\Program Files\dotnet\sdk\10.0.103\Microsoft.Common.CurrentVersion.targets(5080,5): error MSB3021: Unable to copy file "C:\Users\kagokhale\OneDrive - Deloitte (O365D)\Documents\Projects\New FAP\FAPApplication\backend\src\BajajDocumentProcessing.Infrastructure\bin\Debug\net8.0\BajajDocumentProcessing.Infrastructure.dll" to "bin\Debug\net8.0\BajajDocumentProcessing.Infrastructure.dll". The process cannot access the file 'C:\Users\kagokhale\OneDrive - Deloitte (O365D)\Documents\Projects\New FAP\FAPApplication\backend\src\BajajDocumentProcessing.API\bin\Debug\net8.0\BajajDocumentProcessing.Infrastructure.dll' because it is being used by another process. [C:\Users\kagokhale\OneDrive - Deloitte (O365D)\Documents\Projects\New FAP\FAPApplication\backend\src\BajajDocumentProcessing.API\BajajDocumentProcessing.API.csproj]
C:\Program Files\dotnet\sdk\10.0.103\Microsoft.Common.CurrentVersion.targets(5080,5): error MSB3027: Could not copy "C:\Users\kagokhale\OneDrive - Deloitte (O365D)\Documents\Projects\New FAP\FAPApplication\backend\src\BajajDocumentProcessing.Application\bin\Debug\net8.0\BajajDocumentProcessing.Application.dll" to "bin\Debug\net8.0\BajajDocumentProcessing.Application.dll". Exceeded retry count of 10. Failed. The file is locked by: "BajajDocumentProcessing.API (24864)" [C:\Users\kagokhale\OneDrive - Deloitte (O365D)\Documents\Projects\New FAP\FAPApplication\backend\src\BajajDocumentProcessing.API\BajajDocumentProcessing.API.csproj]
C:\Program Files\dotnet\sdk\10.0.103\Microsoft.Common.CurrentVersion.targets(5080,5): error MSB3021: Unable to copy file "C:\Users\kagokhale\OneDrive - Deloitte (O365D)\Documents\Projects\New FAP\FAPApplication\backend\src\BajajDocumentProcessing.Application\bin\Debug\net8.0\BajajDocumentProcessing.Application.dll" to "bin\Debug\net8.0\BajajDocumentProcessing.Application.dll". The process cannot access the file 'C:\Users\kagokhale\OneDrive - Deloitte (O365D)\Documents\Projects\New FAP\FAPApplication\backend\src\BajajDocumentProcessing.API\bin\Debug\net8.0\BajajDocumentProcessing.Application.dll' because it is being used by another process. [C:\Users\kagokhale\OneDrive - Deloitte (O365D)\Documents\Projects\New FAP\FAPApplication\backend\src\BajajDocumentProcessing.API\BajajDocumentProcessing.API.csproj]
    31 Warning(s)
    6 Error(s)

Time Elapsed 00:00:24.52
